<h1>Title of Index</h1>
<p>This is the Description of this websites first page</p>
Tags: <ul><li>website</li><li>tdd</li></ul>
